// Jest Snapshot v1, https://goo.gl/fbAQLP

exports[`AppComponent should render the component 1`] = `
<div
  id="root0"
>
  <mat-toolbar
    color="primary"
  >
    <mat-icon>
      wb_sunny
    </mat-icon>
    <span
      class="app-name"
      routerlink="/"
      tabindex="0"
    >
      WeatherApp
    </span>
  </mat-toolbar>
  <router-outlet />
</div>
`;
